// Jest Snapshot v1, https://goo.gl/fbAQLP

exports[`Using Sitemap Generator visiting page loads sitemap.xml 1`] = `"<?xml version=\\"1.0\\" encoding=\\"UTF-8\\"?><urlset xmlns=\\"http://www.sitemaps.org/schemas/sitemap/0.9\\" xmlns:news=\\"http://www.google.com/schemas/sitemap-news/0.9\\" xmlns:xhtml=\\"http://www.w3.org/1999/xhtml\\" xmlns:image=\\"http://www.google.com/schemas/sitemap-image/1.1\\" xmlns:video=\\"http://www.google.com/schemas/sitemap-video/1.1\\"><url><loc>https://example.com/page/a-demo-page</loc><changefreq>monthly</changefreq><priority>1.0</priority></url><url><loc>https://example.com/blog/a-demo-blog-post</loc><changefreq>weekly</changefreq><priority>0.8</priority></url></urlset>"`;
